#
# A fatal error has been detected by the Java Runtime Environment:
#
#  Internal Error (codeBuffer.cpp:961), pid=29652, tid=5224
#  guarantee(sect->end() <= tend) failed: sanity
#
# JRE version:  (17.0.18+8) (build )
# Java VM: Java HotSpot(TM) 64-Bit Server VM (17.0.18+8-LTS-264, mixed mode, sharing, tiered, compressed oops, compressed class ptrs, g1 gc, windows-amd64)
# No core dump will be written. Minidumps are not enabled by default on client versions of Windows
#
#

---------------  S U M M A R Y ------------

Command Line: --enable-native-access=ALL-UNNAMED 

Host: Intel Xeon Processor (Icelake), 8 cores, 15G,  Windows 11 , 64 bit Build 26100 (10.0.26100.8521)
Time: Wed Aug 19 18:08:21 2026 India Standard Time elapsed time: 0.054442 seconds (0d 0h 0m 0s)

---------------  T H R E A D  ---------------

Current thread (0x00000121e5f8e7d0):  JavaThread "Unknown thread" [_thread_in_vm, id=5224, stack(0x0000000707100000,0x0000000707200000)]

Stack: [0x0000000707100000,0x0000000707200000]
Native frames: (J=compiled Java code, j=interpreted, Vv=VM code, C=native code)
V  [jvm.dll+0x67ea1a]
V  [jvm.dll+0x7de97b]
V  [jvm.dll+0x7e02be]
V  [jvm.dll+0x7e08f7]
V  [jvm.dll+0x2479fa]
V  [jvm.dll+0x201aaf]
V  [jvm.dll+0x1ff5a3]
V  [jvm.dll+0x73a87a]
V  [jvm.dll+0x36b997]
V  [jvm.dll+0x790921]
V  [jvm.dll+0x3f0ffb]
V  [jvm.dll+0x3f2ad1]
C  [jli.dll+0x5304]
C  [ucrtbase.dll+0x2cd30]
C  [KERNEL32.DLL+0x2e957]
C  [ntdll.dll+0x87c1c]


---------------  P R O C E S S  ---------------

Threads class SMR info:
_java_thread_list=0x00007ff9da52ba58, length=0, elements={
}

Java Threads: ( => current thread )

Other Threads:
  0x00000121e5ffb250 GCTaskThread "GC Thread#0" [stack: 0x0000000707200000,0x0000000707300000] [id=1452]
  0x00000121e600c160 ConcurrentGCThread "G1 Main Marker" [stack: 0x0000000707300000,0x0000000707400000] [id=24356]
  0x00000121e600e850 ConcurrentGCThread "G1 Conc#0" [stack: 0x0000000707400000,0x0000000707500000] [id=15060]
  0x00000121e605e070 ConcurrentGCThread "G1 Refine#0" [stack: 0x0000000707500000,0x0000000707600000] [id=26540]
  0x00000121e605e940 ConcurrentGCThread "G1 Service" [stack: 0x0000000707600000,0x0000000707700000] [id=24408]

=>0x00000121e5f8e7d0 (exited) JavaThread "Unknown thread" [_thread_in_vm, id=5224, stack(0x0000000707100000,0x0000000707200000)]

Threads with active compile tasks:

VM state: not at safepoint (normal execution)

VM Mutex/Monitor currently owned by a thread: None

Heap address: 0x00000004d5800000, size: 4092 MB, Compressed Oops mode: Zero based, Oop shift amount: 3

CDS archive(s) mapped at: [0x000001218a000000-0x000001218abd0000-0x000001218abd0000), size 12386304, SharedBaseAddress: 0x000001218a000000, ArchiveRelocationMode: 1.
Compressed class space mapped at: 0x000001218b000000-0x00000121cb000000, reserved size: 1073741824
Narrow klass base: 0x000001218a000000, Narrow klass shift: 0, Narrow klass range: 0x100000000

GC Precious Log:
 CPUs: 8 total, 8 available
 Memory: 16364M
 Large Page Support: Disabled
 NUMA Support: Disabled
 Compressed Oops: Enabled (Zero based)
 Heap Region Size: 2M
 Heap Min Capacity: 8M
 Heap Initial Capacity: 256M
 Heap Max Capacity: 4092M
 Pre-touch: Disabled
 Parallel Workers: 8
 Concurrent Workers: 2
 Concurrent Refinement Workers: 8
 Periodic GC: Disabled

Heap:
 garbage-first heap   total 262144K, used 0K [0x00000004d5800000, 0x00000005d5400000)
  region size 2048K, 1 young (2048K), 0 survivors (0K)
 Metaspace       used 1K, committed 128K, reserved 1114112K
  class space    used 0K, committed 64K, reserved 1048576K

Heap Regions: E=young(eden), S=young(survivor), O=old, HS=humongous(starts), HC=humongous(continues), CS=collection set, F=free, OA=open archive, CA=closed archive, TAMS=top-at-mark-start (previous, next)
|   0|0x00000004d5800000, 0x00000004d5800000, 0x00000004d5a00000|  0%| F|  |TAMS 0x00000004d5800000, 0x00000004d5800000| Untracked 
|   1|0x00000004d5a00000, 0x00000004d5a00000, 0x00000004d5c00000|  0%| F|  |TAMS 0x00000004d5a00000, 0x00000004d5a00000| Untracked 
|   2|0x00000004d5c00000, 0x00000004d5c00000, 0x00000004d5e00000|  0%| F|  |TAMS 0x00000004d5c00000, 0x00000004d5c00000| Untracked 
|   3|0x00000004d5e00000, 0x00000004d5e00000, 0x00000004d6000000|  0%| F|  |TAMS 0x00000004d5e00000, 0x00000004d5e00000| Untracked 
|   4|0x00000004d6000000, 0x00000004d6000000, 0x00000004d6200000|  0%| F|  |TAMS 0x00000004d6000000, 0x00000004d6000000| Untracked 
|   5|0x00000004d6200000, 0x00000004d6200000, 0x00000004d6400000|  0%| F|  |TAMS 0x00000004d6200000, 0x00000004d6200000| Untracked 
|   6|0x00000004d6400000, 0x00000004d6400000, 0x00000004d6600000|  0%| F|  |TAMS 0x00000004d6400000, 0x00000004d6400000| Untracked 
|   7|0x00000004d6600000, 0x00000004d6600000, 0x00000004d6800000|  0%| F|  |TAMS 0x00000004d6600000, 0x00000004d6600000| Untracked 
|   8|0x00000004d6800000, 0x00000004d6800000, 0x00000004d6a00000|  0%| F|  |TAMS 0x00000004d6800000, 0x00000004d6800000| Untracked 
|   9|0x00000004d6a00000, 0x00000004d6a00000, 0x00000004d6c00000|  0%| F|  |TAMS 0x00000004d6a00000, 0x00000004d6a00000| Untracked 
|  10|0x00000004d6c00000, 0x00000004d6c00000, 0x00000004d6e00000|  0%| F|  |TAMS 0x00000004d6c00000, 0x00000004d6c00000| Untracked 
|  11|0x00000004d6e00000, 0x00000004d6e00000, 0x00000004d7000000|  0%| F|  |TAMS 0x00000004d6e00000, 0x00000004d6e00000| Untracked 
|  12|0x00000004d7000000, 0x00000004d7000000, 0x00000004d7200000|  0%| F|  |TAMS 0x00000004d7000000, 0x00000004d7000000| Untracked 
|  13|0x00000004d7200000, 0x00000004d7200000, 0x00000004d7400000|  0%| F|  |TAMS 0x00000004d7200000, 0x00000004d7200000| Untracked 
|  14|0x00000004d7400000, 0x00000004d7400000, 0x00000004d7600000|  0%| F|  |TAMS 0x00000004d7400000, 0x00000004d7400000| Untracked 
|  15|0x00000004d7600000, 0x00000004d7600000, 0x00000004d7800000|  0%| F|  |TAMS 0x00000004d7600000, 0x00000004d7600000| Untracked 
|  16|0x00000004d7800000, 0x00000004d7800000, 0x00000004d7a00000|  0%| F|  |TAMS 0x00000004d7800000, 0x00000004d7800000| Untracked 
|  17|0x00000004d7a00000, 0x00000004d7a00000, 0x00000004d7c00000|  0%| F|  |TAMS 0x00000004d7a00000, 0x00000004d7a00000| Untracked 
|  18|0x00000004d7c00000, 0x00000004d7c00000, 0x00000004d7e00000|  0%| F|  |TAMS 0x00000004d7c00000, 0x00000004d7c00000| Untracked 
|  19|0x00000004d7e00000, 0x00000004d7e00000, 0x00000004d8000000|  0%| F|  |TAMS 0x00000004d7e00000, 0x00000004d7e00000| Untracked 
|  20|0x00000004d8000000, 0x00000004d8000000, 0x00000004d8200000|  0%| F|  |TAMS 0x00000004d8000000, 0x00000004d8000000| Untracked 
|  21|0x00000004d8200000, 0x00000004d8200000, 0x00000004d8400000|  0%| F|  |TAMS 0x00000004d8200000, 0x00000004d8200000| Untracked 
|  22|0x00000004d8400000, 0x00000004d8400000, 0x00000004d8600000|  0%| F|  |TAMS 0x00000004d8400000, 0x00000004d8400000| Untracked 
|  23|0x00000004d8600000, 0x00000004d8600000, 0x00000004d8800000|  0%| F|  |TAMS 0x00000004d8600000, 0x00000004d8600000| Untracked 
|  24|0x00000004d8800000, 0x00000004d8800000, 0x00000004d8a00000|  0%| F|  |TAMS 0x00000004d8800000, 0x00000004d8800000| Untracked 
|  25|0x00000004d8a00000, 0x00000004d8a00000, 0x00000004d8c00000|  0%| F|  |TAMS 0x00000004d8a00000, 0x00000004d8a00000| Untracked 
|  26|0x00000004d8c00000, 0x00000004d8c00000, 0x00000004d8e00000|  0%| F|  |TAMS 0x00000004d8c00000, 0x00000004d8c00000| Untracked 
|  27|0x00000004d8e00000, 0x00000004d8e00000, 0x00000004d9000000|  0%| F|  |TAMS 0x00000004d8e00000, 0x00000004d8e00000| Untracked 
|  28|0x00000004d9000000, 0x00000004d9000000, 0x00000004d9200000|  0%| F|  |TAMS 0x00000004d9000000, 0x00000004d9000000| Untracked 
|  29|0x00000004d9200000, 0x00000004d9200000, 0x00000004d9400000|  0%| F|  |TAMS 0x00000004d9200000, 0x00000004d9200000| Untracked 
|  30|0x00000004d9400000, 0x00000004d9400000, 0x00000004d9600000|  0%| F|  |TAMS 0x00000004d9400000, 0x00000004d9400000| Untracked 
|  31|0x00000004d9600000, 0x00000004d9600000, 0x00000004d9800000|  0%| F|  |TAMS 0x00000004d9600000, 0x00000004d9600000| Untracked 
|  32|0x00000004d9800000, 0x00000004d9800000, 0x00000004d9a00000|  0%| F|  |TAMS 0x00000004d9800000, 0x00000004d9800000| Untracked 
|  33|0x00000004d9a00000, 0x00000004d9a00000, 0x00000004d9c00000|  0%| F|  |TAMS 0x00000004d9a00000, 0x00000004d9a00000| Untracked 
|  34|0x00000004d9c00000, 0x00000004d9c00000, 0x00000004d9e00000|  0%| F|  |TAMS 0x00000004d9c00000, 0x00000004d9c00000| Untracked 
|  35|0x00000004d9e00000, 0x00000004d9e00000, 0x00000004da000000|  0%| F|  |TAMS 0x00000004d9e00000, 0x00000004d9e00000| Untracked 
|  36|0x00000004da000000, 0x00000004da000000, 0x00000004da200000|  0%| F|  |TAMS 0x00000004da000000, 0x00000004da000000| Untracked 
|  37|0x00000004da200000, 0x00000004da200000, 0x00000004da400000|  0%| F|  |TAMS 0x00000004da200000, 0x00000004da200000| Untracked 
|  38|0x00000004da400000, 0x00000004da400000, 0x00000004da600000|  0%| F|  |TAMS 0x00000004da400000, 0x00000004da400000| Untracked 
|  39|0x00000004da600000, 0x00000004da600000, 0x00000004da800000|  0%| F|  |TAMS 0x00000004da600000, 0x00000004da600000| Untracked 
|  40|0x00000004da800000, 0x00000004da800000, 0x00000004daa00000|  0%| F|  |TAMS 0x00000004da800000, 0x00000004da800000| Untracked 
|  41|0x00000004daa00000, 0x00000004daa00000, 0x00000004dac00000|  0%| F|  |TAMS 0x00000004daa00000, 0x00000004daa00000| Untracked 
|  42|0x00000004dac00000, 0x00000004dac00000, 0x00000004dae00000|  0%| F|  |TAMS 0x00000004dac00000, 0x00000004dac00000| Untracked 
|  43|0x00000004dae00000, 0x00000004dae00000, 0x00000004db000000|  0%| F|  |TAMS 0x00000004dae00000, 0x00000004dae00000| Untracked 
|  44|0x00000004db000000, 0x00000004db000000, 0x00000004db200000|  0%| F|  |TAMS 0x00000004db000000, 0x00000004db000000| Untracked 
|  45|0x00000004db200000, 0x00000004db200000, 0x00000004db400000|  0%| F|  |TAMS 0x00000004db200000, 0x00000004db200000| Untracked 
|  46|0x00000004db400000, 0x00000004db400000, 0x00000004db600000|  0%| F|  |TAMS 0x00000004db400000, 0x00000004db400000| Untracked 
|  47|0x00000004db600000, 0x00000004db600000, 0x00000004db800000|  0%| F|  |TAMS 0x00000004db600000, 0x00000004db600000| Untracked 
|  48|0x00000004db800000, 0x00000004db800000, 0x00000004dba00000|  0%| F|  |TAMS 0x00000004db800000, 0x00000004db800000| Untracked 
|  49|0x00000004dba00000, 0x00000004dba00000, 0x00000004dbc00000|  0%| F|  |TAMS 0x00000004dba00000, 0x00000004dba00000| Untracked 
|  50|0x00000004dbc00000, 0x00000004dbc00000, 0x00000004dbe00000|  0%| F|  |TAMS 0x00000004dbc00000, 0x00000004dbc00000| Untracked 
|  51|0x00000004dbe00000, 0x00000004dbe00000, 0x00000004dc000000|  0%| F|  |TAMS 0x00000004dbe00000, 0x00000004dbe00000| Untracked 
|  52|0x00000004dc000000, 0x00000004dc000000, 0x00000004dc200000|  0%| F|  |TAMS 0x00000004dc000000, 0x00000004dc000000| Untracked 
|  53|0x00000004dc200000, 0x00000004dc200000, 0x00000004dc400000|  0%| F|  |TAMS 0x00000004dc200000, 0x00000004dc200000| Untracked 
|  54|0x00000004dc400000, 0x00000004dc400000, 0x00000004dc600000|  0%| F|  |TAMS 0x00000004dc400000, 0x00000004dc400000| Untracked 
|  55|0x00000004dc600000, 0x00000004dc600000, 0x00000004dc800000|  0%| F|  |TAMS 0x00000004dc600000, 0x00000004dc600000| Untracked 
|  56|0x00000004dc800000, 0x00000004dc800000, 0x00000004dca00000|  0%| F|  |TAMS 0x00000004dc800000, 0x00000004dc800000| Untracked 
|  57|0x00000004dca00000, 0x00000004dca00000, 0x00000004dcc00000|  0%| F|  |TAMS 0x00000004dca00000, 0x00000004dca00000| Untracked 
|  58|0x00000004dcc00000, 0x00000004dcc00000, 0x00000004dce00000|  0%| F|  |TAMS 0x00000004dcc00000, 0x00000004dcc00000| Untracked 
|  59|0x00000004dce00000, 0x00000004dce00000, 0x00000004dd000000|  0%| F|  |TAMS 0x00000004dce00000, 0x00000004dce00000| Untracked 
|  60|0x00000004dd000000, 0x00000004dd000000, 0x00000004dd200000|  0%| F|  |TAMS 0x00000004dd000000, 0x00000004dd000000| Untracked 
|  61|0x00000004dd200000, 0x00000004dd200000, 0x00000004dd400000|  0%| F|  |TAMS 0x00000004dd200000, 0x00000004dd200000| Untracked 
|  62|0x00000004dd400000, 0x00000004dd400000, 0x00000004dd600000|  0%| F|  |TAMS 0x00000004dd400000, 0x00000004dd400000| Untracked 
|  63|0x00000004dd600000, 0x00000004dd600000, 0x00000004dd800000|  0%| F|  |TAMS 0x00000004dd600000, 0x00000004dd600000| Untracked 
|  64|0x00000004dd800000, 0x00000004dd800000, 0x00000004dda00000|  0%| F|  |TAMS 0x00000004dd800000, 0x00000004dd800000| Untracked 
|  65|0x00000004dda00000, 0x00000004dda00000, 0x00000004ddc00000|  0%| F|  |TAMS 0x00000004dda00000, 0x00000004dda00000| Untracked 
|  66|0x00000004ddc00000, 0x00000004ddc00000, 0x00000004dde00000|  0%| F|  |TAMS 0x00000004ddc00000, 0x00000004ddc00000| Untracked 
|  67|0x00000004dde00000, 0x00000004dde00000, 0x00000004de000000|  0%| F|  |TAMS 0x00000004dde00000, 0x00000004dde00000| Untracked 
|  68|0x00000004de000000, 0x00000004de000000, 0x00000004de200000|  0%| F|  |TAMS 0x00000004de000000, 0x00000004de000000| Untracked 
|  69|0x00000004de200000, 0x00000004de200000, 0x00000004de400000|  0%| F|  |TAMS 0x00000004de200000, 0x00000004de200000| Untracked 
|  70|0x00000004de400000, 0x00000004de400000, 0x00000004de600000|  0%| F|  |TAMS 0x00000004de400000, 0x00000004de400000| Untracked 
|  71|0x00000004de600000, 0x00000004de600000, 0x00000004de800000|  0%| F|  |TAMS 0x00000004de600000, 0x00000004de600000| Untracked 
|  72|0x00000004de800000, 0x00000004de800000, 0x00000004dea00000|  0%| F|  |TAMS 0x00000004de800000, 0x00000004de800000| Untracked 
|  73|0x00000004dea00000, 0x00000004dea00000, 0x00000004dec00000|  0%| F|  |TAMS 0x00000004dea00000, 0x00000004dea00000| Untracked 
|  74|0x00000004dec00000, 0x00000004dec00000, 0x00000004dee00000|  0%| F|  |TAMS 0x00000004dec00000, 0x00000004dec00000| Untracked 
|  75|0x00000004dee00000, 0x00000004dee00000, 0x00000004df000000|  0%| F|  |TAMS 0x00000004dee00000, 0x00000004dee00000| Untracked 
|  76|0x00000004df000000, 0x00000004df000000, 0x00000004df200000|  0%| F|  |TAMS 0x00000004df000000, 0x00000004df000000| Untracked 
|  77|0x00000004df200000, 0x00000004df200000, 0x00000004df400000|  0%| F|  |TAMS 0x00000004df200000, 0x00000004df200000| Untracked 
|  78|0x00000004df400000, 0x00000004df400000, 0x00000004df600000|  0%| F|  |TAMS 0x00000004df400000, 0x00000004df400000| Untracked 
|  79|0x00000004df600000, 0x00000004df600000, 0x00000004df800000|  0%| F|  |TAMS 0x00000004df600000, 0x00000004df600000| Untracked 
|  80|0x00000004df800000, 0x00000004df800000, 0x00000004dfa00000|  0%| F|  |TAMS 0x00000004df800000, 0x00000004df800000| Untracked 
|  81|0x00000004dfa00000, 0x00000004dfa00000, 0x00000004dfc00000|  0%| F|  |TAMS 0x00000004dfa00000, 0x00000004dfa00000| Untracked 
|  82|0x00000004dfc00000, 0x00000004dfc00000, 0x00000004dfe00000|  0%| F|  |TAMS 0x00000004dfc00000, 0x00000004dfc00000| Untracked 
|  83|0x00000004dfe00000, 0x00000004dfe00000, 0x00000004e0000000|  0%| F|  |TAMS 0x00000004dfe00000, 0x00000004dfe00000| Untracked 
|  84|0x00000004e0000000, 0x00000004e0000000, 0x00000004e0200000|  0%| F|  |TAMS 0x00000004e0000000, 0x00000004e0000000| Untracked 
|  85|0x00000004e0200000, 0x00000004e0200000, 0x00000004e0400000|  0%| F|  |TAMS 0x00000004e0200000, 0x00000004e0200000| Untracked 
|  86|0x00000004e0400000, 0x00000004e0400000, 0x00000004e0600000|  0%| F|  |TAMS 0x00000004e0400000, 0x00000004e0400000| Untracked 
|  87|0x00000004e0600000, 0x00000004e0600000, 0x00000004e0800000|  0%| F|  |TAMS 0x00000004e0600000, 0x00000004e0600000| Untracked 
|  88|0x00000004e0800000, 0x00000004e0800000, 0x00000004e0a00000|  0%| F|  |TAMS 0x00000004e0800000, 0x00000004e0800000| Untracked 
|  89|0x00000004e0a00000, 0x00000004e0a00000, 0x00000004e0c00000|  0%| F|  |TAMS 0x00000004e0a00000, 0x00000004e0a00000| Untracked 
|  90|0x00000004e0c00000, 0x00000004e0c00000, 0x00000004e0e00000|  0%| F|  |TAMS 0x00000004e0c00000, 0x00000004e0c00000| Untracked 
|  91|0x00000004e0e00000, 0x00000004e0e00000, 0x00000004e1000000|  0%| F|  |TAMS 0x00000004e0e00000, 0x00000004e0e00000| Untracked 
|  92|0x00000004e1000000, 0x00000004e1000000, 0x00000004e1200000|  0%| F|  |TAMS 0x00000004e1000000, 0x00000004e1000000| Untracked 
|  93|0x00000004e1200000, 0x00000004e1200000, 0x00000004e1400000|  0%| F|  |TAMS 0x00000004e1200000, 0x00000004e1200000| Untracked 
|  94|0x00000004e1400000, 0x00000004e1400000, 0x00000004e1600000|  0%| F|  |TAMS 0x00000004e1400000, 0x00000004e1400000| Untracked 
|  95|0x00000004e1600000, 0x00000004e1600000, 0x00000004e1800000|  0%| F|  |TAMS 0x00000004e1600000, 0x00000004e1600000| Untracked 
|  96|0x00000004e1800000, 0x00000004e1800000, 0x00000004e1a00000|  0%| F|  |TAMS 0x00000004e1800000, 0x00000004e1800000| Untracked 
|  97|0x00000004e1a00000, 0x00000004e1a00000, 0x00000004e1c00000|  0%| F|  |TAMS 0x00000004e1a00000, 0x00000004e1a00000| Untracked 
|  98|0x00000004e1c00000, 0x00000004e1c00000, 0x00000004e1e00000|  0%| F|  |TAMS 0x00000004e1c00000, 0x00000004e1c00000| Untracked 
|  99|0x00000004e1e00000, 0x00000004e1e00000, 0x00000004e2000000|  0%| F|  |TAMS 0x00000004e1e00000, 0x00000004e1e00000| Untracked 
| 100|0x00000004e2000000, 0x00000004e2000000, 0x00000004e2200000|  0%| F|  |TAMS 0x00000004e2000000, 0x00000004e2000000| Untracked 
| 101|0x00000004e2200000, 0x00000004e2200000, 0x00000004e2400000|  0%| F|  |TAMS 0x00000004e2200000, 0x00000004e2200000| Untracked 
| 102|0x00000004e2400000, 0x00000004e2400000, 0x00000004e2600000|  0%| F|  |TAMS 0x00000004e2400000, 0x00000004e2400000| Untracked 
| 103|0x00000004e2600000, 0x00000004e2600000, 0x00000004e2800000|  0%| F|  |TAMS 0x00000004e2600000, 0x00000004e2600000| Untracked 
| 104|0x00000004e2800000, 0x00000004e2800000, 0x00000004e2a00000|  0%| F|  |TAMS 0x00000004e2800000, 0x00000004e2800000| Untracked 
| 105|0x00000004e2a00000, 0x00000004e2a00000, 0x00000004e2c00000|  0%| F|  |TAMS 0x00000004e2a00000, 0x00000004e2a00000| Untracked 
| 106|0x00000004e2c00000, 0x00000004e2c00000, 0x00000004e2e00000|  0%| F|  |TAMS 0x00000004e2c00000, 0x00000004e2c00000| Untracked 
| 107|0x00000004e2e00000, 0x00000004e2e00000, 0x00000004e3000000|  0%| F|  |TAMS 0x00000004e2e00000, 0x00000004e2e00000| Untracked 
| 108|0x00000004e3000000, 0x00000004e3000000, 0x00000004e3200000|  0%| F|  |TAMS 0x00000004e3000000, 0x00000004e3000000| Untracked 
| 109|0x00000004e3200000, 0x00000004e3200000, 0x00000004e3400000|  0%| F|  |TAMS 0x00000004e3200000, 0x00000004e3200000| Untracked 
| 110|0x00000004e3400000, 0x00000004e3400000, 0x00000004e3600000|  0%| F|  |TAMS 0x00000004e3400000, 0x00000004e3400000| Untracked 
| 111|0x00000004e3600000, 0x00000004e3600000, 0x00000004e3800000|  0%| F|  |TAMS 0x00000004e3600000, 0x00000004e3600000| Untracked 
| 112|0x00000004e3800000, 0x00000004e3800000, 0x00000004e3a00000|  0%| F|  |TAMS 0x00000004e3800000, 0x00000004e3800000| Untracked 
| 113|0x00000004e3a00000, 0x00000004e3a00000, 0x00000004e3c00000|  0%| F|  |TAMS 0x00000004e3a00000, 0x00000004e3a00000| Untracked 
| 114|0x00000004e3c00000, 0x00000004e3c00000, 0x00000004e3e00000|  0%| F|  |TAMS 0x00000004e3c00000, 0x00000004e3c00000| Untracked 
| 115|0x00000004e3e00000, 0x00000004e3e00000, 0x00000004e4000000|  0%| F|  |TAMS 0x00000004e3e00000, 0x00000004e3e00000| Untracked 
| 116|0x00000004e4000000, 0x00000004e4000000, 0x00000004e4200000|  0%| F|  |TAMS 0x00000004e4000000, 0x00000004e4000000| Untracked 
| 117|0x00000004e4200000, 0x00000004e4200000, 0x00000004e4400000|  0%| F|  |TAMS 0x00000004e4200000, 0x00000004e4200000| Untracked 
| 118|0x00000004e4400000, 0x00000004e4400000, 0x00000004e4600000|  0%| F|  |TAMS 0x00000004e4400000, 0x00000004e4400000| Untracked 
| 119|0x00000004e4600000, 0x00000004e4600000, 0x00000004e4800000|  0%| F|  |TAMS 0x00000004e4600000, 0x00000004e4600000| Untracked 
| 120|0x00000004e4800000, 0x00000004e4800000, 0x00000004e4a00000|  0%| F|  |TAMS 0x00000004e4800000, 0x00000004e4800000| Untracked 
| 121|0x00000004e4a00000, 0x00000004e4a00000, 0x00000004e4c00000|  0%| F|  |TAMS 0x00000004e4a00000, 0x00000004e4a00000| Untracked 
| 122|0x00000004e4c00000, 0x00000004e4c00000, 0x00000004e4e00000|  0%| F|  |TAMS 0x00000004e4c00000, 0x00000004e4c00000| Untracked 
| 123|0x00000004e4e00000, 0x00000004e4e00000, 0x00000004e5000000|  0%| F|  |TAMS 0x00000004e4e00000, 0x00000004e4e00000| Untracked 
| 124|0x00000004e5000000, 0x00000004e5000000, 0x00000004e5200000|  0%| F|  |TAMS 0x00000004e5000000, 0x00000004e5000000| Untracked 
| 125|0x00000004e5200000, 0x00000004e5200000, 0x00000004e5400000|  0%| F|  |TAMS 0x00000004e5200000, 0x00000004e5200000| Untracked 
| 126|0x00000004e5400000, 0x00000004e5400000, 0x00000004e5600000|  0%| F|  |TAMS 0x00000004e5400000, 0x00000004e5400000| Untracked 
| 127|0x00000004e5600000, 0x00000004e5670a58, 0x00000004e5800000| 22%| E|  |TAMS 0x00000004e5600000, 0x00000004e5600000| Complete 

Card table byte_map: [0x00000121fd3e0000,0x00000121fdbe0000] _byte_map_base: 0x00000121fad34000

Marking Bits (Prev, Next): (CMBitMap*) 0x00000121e5ffb870, (CMBitMap*) 0x00000121e5ffb8b0
 Prev Bits: [0x0000012180000000, 0x0000012183ff0000)
 Next Bits: [0x0000012183ff0000, 0x0000012187fe0000)

Polling page: 0x00000121e3ea0000

Metaspace:

Usage:
  Non-class:     64 bytes used.
      Class:    992 bytes used.
       Both:      1.03 KB used.

Virtual space:
  Non-class space:       64.00 MB reserved,      64.00 KB ( <1%) committed,  1 nodes.
      Class space:        1.00 GB reserved,      64.00 KB ( <1%) committed,  1 nodes.
             Both:        1.06 GB reserved,     128.00 KB ( <1%) committed. 

Chunk freelists:
   Non-Class:  12.00 MB
       Class:  15.75 MB
        Both:  27.75 MB

MaxMetaspaceSize: unlimited
CompressedClassSpaceSize: 1.00 GB
Initial GC threshold: 21.00 MB
Current GC threshold: 17179869184.00 GB
CDS: on
MetaspaceReclaimPolicy: balanced
 - commit_granule_bytes: 65536.
 - commit_granule_words: 8192.
 - virtual_space_node_default_size: 8388608.
 - enlarge_chunks_in_place: 1.
 - new_chunks_are_fully_committed: 0.
 - uncommit_free_chunks: 1.
 - use_allocation_guard: 0.
 - handle_deallocations: 1.


Internal statistics:

num_allocs_failed_limit: 0.
num_arena_births: 2.
num_arena_deaths: 0.
num_vsnodes_births: 2.
num_vsnodes_deaths: 0.
num_space_committed: 2.
num_space_uncommitted: 0.
num_chunks_returned_to_freelist: 0.
num_chunks_taken_from_freelist: 3.
num_chunk_merges: 0.
num_chunk_splits: 2.
num_chunks_enlarged: 0.
num_inconsistent_stats: 0.

CodeHeap 'non-profiled nmethods': size=120000Kb used=0Kb max_used=0Kb free=120000Kb
 bounds [0x00000121f5380000, 0x00000121f55f0000, 0x00000121fc8b0000]
CodeHeap 'profiled nmethods': size=120000Kb used=0Kb max_used=0Kb free=120000Kb
 bounds [0x00000121ed8b0000, 0x00000121edb20000, 0x00000121f4de0000]
CodeHeap 'non-nmethods': size=5760Kb used=274Kb max_used=343Kb free=5485Kb
 bounds [0x00000121f4de0000, 0x00000121f5050000, 0x00000121f5380000]
 total_blobs=71 nmethods=0 adapters=47
 compilation: enabled
              stopped_count=0, restarted_count=0
 full_count=0

Compilation events (0 events):
No events

GC Heap History (0 events):
No events

Deoptimization events (0 events):
No events

Classes unloaded (0 events):
No events

Classes redefined (0 events):
No events

Internal exceptions (0 events):
No events

VM Operations (0 events):
No events

Events (2 events):
Event: 0.010 Loaded shared library C:\Program Files\Java\jdk-17.0.18\bin\java.dll
Event: 0.048 Loaded shared library C:\Program Files\Java\jdk-17.0.18\bin\jsvml.dll


Dynamic libraries:
0x00007ff6e9cc0000 - 0x00007ff6e9cd0000 	C:\Program Files\Java\jdk-17.0.18\bin\java.exe
0x00007ffa47f60000 - 0x00007ffa481c6000 	C:\WINDOWS\SYSTEM32\ntdll.dll
0x00007ffa46c20000 - 0x00007ffa46ce9000 	C:\WINDOWS\System32\KERNEL32.DLL
0x00007ffa45370000 - 0x00007ffa4576a000 	C:\WINDOWS\System32\KERNELBASE.dll
0x00007ffa45b80000 - 0x00007ffa45ccc000 	C:\WINDOWS\System32\ucrtbase.dll
0x00007ffa309a0000 - 0x00007ffa309b9000 	C:\Program Files\Java\jdk-17.0.18\bin\jli.dll
0x00007ffa31860000 - 0x00007ffa3187e000 	C:\Program Files\Java\jdk-17.0.18\bin\VCRUNTIME140.dll
0x00007ffa479b0000 - 0x00007ffa47a66000 	C:\WINDOWS\System32\ADVAPI32.dll
0x00007ffa47b30000 - 0x00007ffa47bd9000 	C:\WINDOWS\System32\msvcrt.dll
0x00007ffa47a80000 - 0x00007ffa47b2a000 	C:\WINDOWS\System32\sechost.dll
0x00007ffa47810000 - 0x00007ffa47928000 	C:\WINDOWS\System32\RPCRT4.dll
0x00007ffa47cc0000 - 0x00007ffa47e87000 	C:\WINDOWS\System32\USER32.dll
0x00007ffa37b00000 - 0x00007ffa37d92000 	C:\WINDOWS\WinSxS\amd64_microsoft.windows.common-controls_6595b64144ccf1df_6.0.26100.8521_none_3e08b75ce33403b3\COMCTL32.dll
0x00007ffa45340000 - 0x00007ffa45367000 	C:\WINDOWS\System32\win32u.dll
0x00007ffa477e0000 - 0x00007ffa4780b000 	C:\WINDOWS\System32\GDI32.dll
0x00007ffa45770000 - 0x00007ffa4589b000 	C:\WINDOWS\System32\gdi32full.dll
0x00007ffa45ad0000 - 0x00007ffa45b73000 	C:\WINDOWS\System32\msvcp_win.dll
0x00007ffa3c220000 - 0x00007ffa3c22b000 	C:\WINDOWS\SYSTEM32\VERSION.dll
0x00007ffa46be0000 - 0x00007ffa46c12000 	C:\WINDOWS\System32\IMM32.DLL
0x00007ffa384f0000 - 0x00007ffa384fc000 	C:\Program Files\Java\jdk-17.0.18\bin\vcruntime140_1.dll
0x00007ffa2c350000 - 0x00007ffa2c3dd000 	C:\Program Files\Java\jdk-17.0.18\bin\msvcp140.dll
0x00007ff9d9a70000 - 0x00007ff9da654000 	C:\Program Files\Java\jdk-17.0.18\bin\server\jvm.dll
0x00007ffa477d0000 - 0x00007ffa477d8000 	C:\WINDOWS\System32\PSAPI.DLL
0x00007ffa31850000 - 0x00007ffa3185a000 	C:\WINDOWS\SYSTEM32\WSOCK32.dll
0x00007ffa38670000 - 0x00007ffa386a6000 	C:\WINDOWS\SYSTEM32\WINMM.dll
0x00007ffa47e90000 - 0x00007ffa47f10000 	C:\WINDOWS\System32\WS2_32.dll
0x00007ffa43f80000 - 0x00007ffa43f9b000 	C:\WINDOWS\SYSTEM32\kernel.appcore.dll
0x00007ffa30870000 - 0x00007ffa3087a000 	C:\Program Files\Java\jdk-17.0.18\bin\jimage.dll
0x00007ffa35180000 - 0x00007ffa353c2000 	C:\WINDOWS\SYSTEM32\DBGHELP.DLL
0x00007ffa46700000 - 0x00007ffa46a83000 	C:\WINDOWS\System32\combase.dll
0x00007ffa46f60000 - 0x00007ffa47039000 	C:\WINDOWS\System32\OLEAUT32.dll
0x00007ffa331e0000 - 0x00007ffa3321b000 	C:\WINDOWS\SYSTEM32\dbgcore.DLL
0x00007ffa45a20000 - 0x00007ffa45ac8000 	C:\WINDOWS\System32\bcryptPrimitives.dll
0x00007ffa23000000 - 0x00007ffa23026000 	C:\Program Files\Java\jdk-17.0.18\bin\java.dll
0x00007ff9f8810000 - 0x00007ff9f88e7000 	C:\Program Files\Java\jdk-17.0.18\bin\jsvml.dll

dbghelp: loaded successfully - version: 4.0.5 - missing functions: none
symbol engine: initialized successfully - sym options: 0x614 - pdb path: .;C:\Program Files\Java\jdk-17.0.18\bin;C:\WINDOWS\SYSTEM32;C:\WINDOWS\WinSxS\amd64_microsoft.windows.common-controls_6595b64144ccf1df_6.0.26100.8521_none_3e08b75ce33403b3;C:\Program Files\Java\jdk-17.0.18\bin\server

VM Arguments:
jvm_args: --enable-native-access=ALL-UNNAMED 
java_command: <unknown>
java_class_path (initial): <not set>
Launcher Type: SUN_STANDARD

[Global flags]
     intx CICompilerCount                          = 4                                         {product} {ergonomic}
     uint ConcGCThreads                            = 2                                         {product} {ergonomic}
     uint G1ConcRefinementThreads                  = 8                                         {product} {ergonomic}
   size_t G1HeapRegionSize                         = 2097152                                   {product} {ergonomic}
    uintx GCDrainStackTargetSize                   = 64                                        {product} {ergonomic}
   size_t InitialHeapSize                          = 268435456                                 {product} {ergonomic}
   size_t MarkStackSize                            = 4194304                                   {product} {ergonomic}
   size_t MaxHeapSize                              = 4290772992                                {product} {ergonomic}
   size_t MaxNewSize                               = 2573205504                                {product} {ergonomic}
   size_t MinHeapDeltaBytes                        = 2097152                                   {product} {ergonomic}
   size_t MinHeapSize                              = 8388608                                   {product} {ergonomic}
    uintx NonNMethodCodeHeapSize                   = 5839372                                {pd product} {ergonomic}
    uintx NonProfiledCodeHeapSize                  = 122909434                              {pd product} {ergonomic}
    uintx ProfiledCodeHeapSize                     = 122909434                              {pd product} {ergonomic}
    uintx ReservedCodeCacheSize                    = 251658240                              {pd product} {ergonomic}
     bool SegmentedCodeCache                       = true                                      {product} {ergonomic}
   size_t SoftMaxHeapSize                          = 4290772992                             {manageable} {ergonomic}
     bool UseCompressedClassPointers               = true                           {product lp64_product} {ergonomic}
     bool UseCompressedOops                        = true                           {product lp64_product} {ergonomic}
     bool UseG1GC                                  = true                                      {product} {ergonomic}
     bool UseLargePagesIndividualAllocation        = false                                  {pd product} {ergonomic}

Logging:
Log output configuration:
 #0: stdout all=warning uptime,level,tags
 #1: stderr all=off uptime,level,tags

Environment Variables:
JAVA_HOME=C:\Program Files\Java\jdk-17.0.18
PATH=C:\Program Files\Common Files\Oracle\Java\javapath;C:\Program Files\Python312\Scripts\;C:\Program Files\Python312\;C:\WINDOWS\system32;C:\WINDOWS;C:\WINDOWS\System32\Wbem;C:\WINDOWS\System32\WindowsPowerShell\v1.0\;C:\WINDOWS\System32\OpenSSH\;C:\Program Files\nodejs\;C:\Program Files (x86)\Yarn\bin\;C:\Program Files\Git\cmd;C:\Users\cloud-ops\Downloads\apache-maven-3.9.16-bin;C:\Program Files\Java\jdk-17.0.18;C:\Users\cloud-ops\AppData\Local\Microsoft\WindowsApps;C:\Users\cloud-ops\AppData\Roaming\npm;C:\Users\cloud-ops\AppData\Local\Yarn\bin;C:\Program Files\JetBrains\IntelliJ IDEA 2026.1.4\bin;C:\Users\cloud-ops\Downloads\apache-maven-3.9.16-bin\apache-maven-3.9.16\bin;
USERNAME=cloud-ops
OS=Windows_NT
PROCESSOR_IDENTIFIER=Intel64 Family 6 Model 134 Stepping 0, GenuineIntel



---------------  S Y S T E M  ---------------

OS:
 Windows 11 , 64 bit Build 26100 (10.0.26100.8521)
OS uptime: 41 days 2:37 hours
KVM virtualization detected

CPU: total 8 (initial active 8) (8 cores per cpu, 1 threads per core) family 6 model 134 stepping 0 microcode 0x1, cx8, cmov, fxsr, mmx, 3dnowpref, sse, sse2, sse3, ssse3, sse4.1, sse4.2, popcnt, lzcnt, tsc, avx, avx2, aes, erms, clmul, bmi1, bmi2, adx, avx512f, avx512dq, avx512cd, avx512bw, avx512vl, fma, vzeroupper, avx512_vpopcntdq, avx512_vpclmulqdq, avx512_vaes, avx512_vnni, clflush, clflushopt, clwb, avx512_vbmi2, avx512_vbmi, hv

Memory: 4k page, system-wide physical 16364M (4498M free)
TotalPageFile size 19432M (AvailPageFile size 6499M)
current process WorkingSet (physical memory assigned to process): 28M, peak: 28M
current process commit charge ("private bytes"): 340M, peak: 340M

vm_info: Java HotSpot(TM) 64-Bit Server VM (17.0.18+8-LTS-264) for windows-amd64 JRE (17.0.18+8-LTS-264), built on Dec 18 2025 09:51:58 by "mach5run" with MS VC++ 17.13 (VS2022)

END.
